go : # github.com/gzydong/go-chat/internal/comet/consume
所在位置 行:1 字符: 41
+ ... s\LumenIM\backend; go build -o lumenim.exe ./cmd/lumenim 2>&1 | Tee-O ...
+                        ~~~~~~~~~~~~~~~~~~~~~~~~~~~~~~~~~~~~~~~~~~
    + CategoryInfo          : NotSpecified: (# github.com/gz...l/comet/consume:String) [], RemoteException
    + FullyQualifiedErrorId : NativeCommandError
 
internal\comet\consume\on_consume_contact.go:58:14: cannot use user.Id (variable of type string) as int value in struct
 literal
internal\comet\consume\on_consume_group.go:69:14: cannot use groupDetail.Id (variable of type string) as int value in s
truct literal
internal\comet\consume\on_consume_group.go:71:14: cannot use user.Id (variable of type string) as int value in struct l
iteral
internal\comet\consume\on_consume_keyboard.go:22:13: cannot use in.FromId (variable of type string) as int value in str
uct literal
internal\comet\consume\on_consume_keyboard.go:23:13: cannot use in.ToFromId (variable of type string) as int value in s
truct literal
internal\comet\consume\on_consume_talk.go:38:56: cannot convert message.UserId (variable of type string) to type int64
internal\comet\consume\on_consume_talk.go:47:14: cannot use message.FromId (variable of type string) as int value in st
ruct literal
internal\comet\consume\on_consume_talk.go:66:13: cannot use message.ToFromId (variable of type string) as int value in 
struct literal
internal\comet\consume\on_consume_talk.go:67:13: cannot use message.FromId (variable of type string) as int value in st
ruct literal
internal\comet\consume\on_consume_talk.go:104:14: cannot use message.FromId (variable of type string) as int value in s
truct literal
internal\comet\consume\on_consume_talk.go:104:14: too many errors
# github.com/gzydong/go-chat/internal/apis/handler/web/v1/group
internal\apis\handler\web\v1\group\apply.go:47:13: cannot use int(in.GroupId) (value of type int) as string value in st
ruct literal
internal\apis\handler\web\v1\group\apply.go:73:33: cannot use find.UserId (variable of type string) as int value in arg
ument to a.GroupApplyStorage.Incr
internal\apis\handler\web\v1\group\apply.go:79:13: cannot use in.GroupId (variable of type int32) as string value in st
ruct literal
internal\apis\handler\web\v1\group\apply.go:81:13: cannot use applyId (variable of type int) as string value in struct 
literal
internal\apis\handler\web\v1\group\apply.go:174:38: cannot use int(in.GroupId) (value of type int) as string value in a
rgument to a.GroupMemberRepo.IsLeader
internal\apis\handler\web\v1\group\apply.go:224:32: cannot use uid (variable of type string) as int value in argument t
o a.GroupApplyStorage.Del
internal\apis\handler\web\v1\group\apply.go:228:42: cannot use groupIds (variable of type []string) as []int value in a
rgument to a.GroupApplyRepo.List
internal\apis\handler\web\v1\group\apply.go:248:21: cannot convert item.UserId (variable of type string) to type int32
internal\apis\handler\web\v1\group\apply.go:250:21: cannot convert item.GroupId (variable of type string) to type int32
internal\apis\handler\web\v1\group\apply.go:258:31: cannot use uid (variable of type string) as int value in argument t
o a.GroupApplyStorage.Del
internal\apis\handler\web\v1\group\apply.go:174:38: too many errors
# github.com/gzydong/go-chat/internal/apis/handler/web/v1
internal\apis\handler\web\v1\emoticon.go:40:48: cannot use session.GetAuthID() (value of type string) as int value in a
rgument to c.EmoticonRepo.GetCustomizeList
internal\apis\handler\web\v1\emoticon.go:58:46: cannot use session.GetAuthID() (value of type string) as int value in a
rgument to c.EmoticonService.DeleteCollect
internal\apis\handler\web\v1\emoticon.go:66:13: cannot use session.GetAuthID() (value of type string) as int value in s
truct literal
internal\apis\handler\web\v1\emoticon.go:114:13: cannot use session.GetAuthID() (value of type string) as int value in 
struct literal
internal\apis\handler\web\v1\upload.go:69:11: cannot use uid (variable of type string) as int value in struct literal
internal\apis\handler\web\v1\upload.go:109:15: cannot use uid (variable of type string) as int value in struct literal
internal\apis\handler\web\v1\user.go:34:54: cannot convert session.UserId (variable of type string) to type int
internal\apis\handler\web\v1\user.go:104:43: cannot convert uid (variable of type string) to type int
internal\apis\handler\web\v1\user.go:152:12: invalid operation: uid == 2054 (mismatched types string and untyped int)
internal\apis\handler\web\v1\user.go:152:27: invalid operation: uid == 2055 (mismatched types string and untyped int)
